Product: [
  {
    "id": "94CDFE41-6A63-4360-98AC-695090F00F9E",
    "store_id": "B6E006C7-0115-4C46-9764-6BA61B911964",
    "name": "Bơ Président 200g",
    "unit_id": "39F61B57-1BF8-4BCE-8974-F5255ED6BFD7",
    "stock_quantity": 24
  }
]
Inventory: [
  {
    "Id": "265F5F76-6892-4127-8048-156F4874D558",
    "ProductId": "94CDFE41-6A63-4360-98AC-695090F00F9E",
    "StoreId": "B6E006C7-0115-4C46-9764-6BA61B911964",
    "UnitId": "5FB3296E-7ABB-4676-862E-E17FA8AA0D03",
    "Quantity": 24,
    "CreatedAt": "2026-01-31T17:08:41.063Z",
    "UpdatedAt": "2026-03-06T10:53:30.023Z"
  },
  {
    "Id": "AE4D6B6D-91C3-433F-AD31-2DDE57DB8DA5",
    "ProductId": "94CDFE41-6A63-4360-98AC-695090F00F9E",
    "StoreId": "B6E006C7-0115-4C46-9764-6BA61B911964",
    "UnitId": "98044E55-A9BC-4F06-96E8-726E274DA8BD",
    "Quantity": 1,
    "CreatedAt": "2026-01-31T17:08:41.010Z",
    "UpdatedAt": "2026-01-31T17:08:41.010Z"
  },
  {
    "Id": "89DD4A1E-4E04-44A4-8D73-9A73CC0999A9",
    "ProductId": "94CDFE41-6A63-4360-98AC-695090F00F9E",
    "StoreId": "B6E006C7-0115-4C46-9764-6BA61B911964",
    "UnitId": "39F61B57-1BF8-4BCE-8974-F5255ED6BFD7",
    "Quantity": 0,
    "CreatedAt": "2026-01-23T17:39:34.713Z",
    "UpdatedAt": "2026-01-31T18:04:12.577Z"
  }
]
getAvailable returned: 0 type: number